76K	./local/share/man/man1
36K	./local/share/man/man7
116K	./local/share/man
120K	./local/share
8.0K	./local/lib/pkgconfig
72K	./local/lib/python2.7/site-packages/Mako-0.8.0-py2.7.egg/mako/ext
664K	./local/lib/python2.7/site-packages/Mako-0.8.0-py2.7.egg/mako
8.0K	./local/lib/python2.7/site-packages/Mako-0.8.0-py2.7.egg/EGG-INFO/scripts
44K	./local/lib/python2.7/site-packages/Mako-0.8.0-py2.7.egg/EGG-INFO
712K	./local/lib/python2.7/site-packages/Mako-0.8.0-py2.7.egg
1.2M	./local/lib/python2.7/site-packages/virtualenv-1.9.1-py2.7.egg/virtualenv_support
80K	./local/lib/python2.7/site-packages/virtualenv-1.9.1-py2.7.egg/EGG-INFO
1.5M	./local/lib/python2.7/site-packages/virtualenv-1.9.1-py2.7.egg
24K	./local/lib/python2.7/site-packages/MarkupSafe-0.15-py2.7.egg/EGG-INFO
68K	./local/lib/python2.7/site-packages/MarkupSafe-0.15-py2.7.egg/markupsafe
96K	./local/lib/python2.7/site-packages/MarkupSafe-0.15-py2.7.egg
2.4M	./local/lib/python2.7/site-packages
2.4M	./local/lib/python2.7
8.5M	./local/lib
21M	./local/bin
348K	./local/include/libyasm
412K	./local/include
30M	./local
144K	./3dhevc/HTM/build/vc10
100K	./3dhevc/HTM/build/vc9
8.0K	./3dhevc/HTM/build/linux/app/TAppRenderer
8.0K	./3dhevc/HTM/build/linux/app/TAppDecoder
8.0K	./3dhevc/HTM/build/linux/app/TAppEncoder
8.0K	./3dhevc/HTM/build/linux/app/TAppExtractor
36K	./3dhevc/HTM/build/linux/app
8.0K	./3dhevc/HTM/build/linux/lib/TLibRenderer
8.0K	./3dhevc/HTM/build/linux/lib/TLibExtractor
8.0K	./3dhevc/HTM/build/linux/lib/TLibCommon
8.0K	./3dhevc/HTM/build/linux/lib/TLibDecoder
8.0K	./3dhevc/HTM/build/linux/lib/TAppCommon
8.0K	./3dhevc/HTM/build/linux/lib/TLibEncoder
8.0K	./3dhevc/HTM/build/linux/lib/TLibVideoIO
60K	./3dhevc/HTM/build/linux/lib
8.0K	./3dhevc/HTM/build/linux/utils/annexBbytecount
8.0K	./3dhevc/HTM/build/linux/utils/convert_NtoMbit_YCbCr
20K	./3dhevc/HTM/build/linux/utils
16K	./3dhevc/HTM/build/linux/common
140K	./3dhevc/HTM/build/linux
100K	./3dhevc/HTM/build/vc8
524K	./3dhevc/HTM/build
24K	./3dhevc/HTM/.settings
8.0K	./3dhevc/HTM/compat/msvc
12K	./3dhevc/HTM/compat
892K	./3dhevc/HTM/doc
8.0K	./3dhevc/HTM/.git/info
8.0K	./3dhevc/HTM/.git/logs/refs/remotes/origin
12K	./3dhevc/HTM/.git/logs/refs/remotes
16K	./3dhevc/HTM/.git/logs/refs/heads
32K	./3dhevc/HTM/.git/logs/refs
40K	./3dhevc/HTM/.git/logs
8.0K	./3dhevc/HTM/.git/refs/remotes/origin
12K	./3dhevc/HTM/.git/refs/remotes
4.0K	./3dhevc/HTM/.git/refs/tags
16K	./3dhevc/HTM/.git/refs/heads
36K	./3dhevc/HTM/.git/refs
4.0K	./3dhevc/HTM/.git/objects/info
7.0M	./3dhevc/HTM/.git/objects/pack
7.0M	./3dhevc/HTM/.git/objects
4.0K	./3dhevc/HTM/.git/branches
40K	./3dhevc/HTM/.git/hooks
7.2M	./3dhevc/HTM/.git
432K	./3dhevc/HTM/source/Lib/TLibRenderer
12K	./3dhevc/HTM/source/Lib/TLibExtractor
1.8M	./3dhevc/HTM/source/Lib/TLibCommon
500K	./3dhevc/HTM/source/Lib/TLibDecoder
24K	./3dhevc/HTM/source/Lib/libmd5
108K	./3dhevc/HTM/source/Lib/TAppCommon
1.4M	./3dhevc/HTM/source/Lib/TLibEncoder
24K	./3dhevc/HTM/source/Lib/TLibVideoIO
4.2M	./3dhevc/HTM/source/Lib
80K	./3dhevc/HTM/source/App/TAppRenderer
52K	./3dhevc/HTM/source/App/TAppDecoder
184K	./3dhevc/HTM/source/App/utils/BitrateTargeting
204K	./3dhevc/HTM/source/App/utils
192K	./3dhevc/HTM/source/App/TAppEncoder
32K	./3dhevc/HTM/source/App/TAppExtractor
564K	./3dhevc/HTM/source/App
4.8M	./3dhevc/HTM/source
2.4M	./3dhevc/HTM/CommonTestConditionsResults
292K	./3dhevc/HTM/cfg
168K	./3dhevc/HTM/CommonTestConditionsCfgs
8.0K	./3dhevc/HTM/HTM.xcodeproj/project.xcworkspace
116K	./3dhevc/HTM/HTM.xcodeproj
17M	./3dhevc/HTM
70M	./3dhevc/camera-culture
99M	./3dhevc
40G	.
